\BOOKMARK [0][-]{chapter*.1}{\376\377\000L\036\335\000i\000\040\000c\000a\000m\000\040\001\021\000o\000a\000n}{}% 1
\BOOKMARK [0][-]{chapter*.2}{\376\377\000L\036\335\000i\000\040\000c\036\243\000m\000\040\001\241\000n}{}% 2
\BOOKMARK [0][-]{chapter*.3}{\376\377\000D\000a\000n\000h\000\040\000s\000\341\000c\000h\000\040\000h\000\354\000n\000h\000\040\036\243\000n\000h}{}% 3
\BOOKMARK [0][-]{chapter*.5}{\376\377\000D\000a\000n\000h\000\040\000s\000\341\000c\000h\000\040\000l\000i\000\352\000n\000\040\000k\036\277\000t}{}% 4
\BOOKMARK [0][-]{chapter*.6}{\376\377\000L\036\335\000i\000\040\000m\036\337\000\040\001\021\036\247\000u}{}% 5
\BOOKMARK [0][-]{chapter.1}{\376\377\000G\000i\036\333\000i\000\040\000t\000h\000i\036\307\000u\000\040\000c\000h\000u\000n\000g}{}% 6
\BOOKMARK [1][-]{section.1.1}{\376\377\000B\036\321\000i\000\040\000c\036\243\000n\000h}{chapter.1}% 7
\BOOKMARK [1][-]{section.1.2}{\376\377\000G\000i\036\243\000i\000\040\000p\000h\000\341\000p}{chapter.1}% 8
\BOOKMARK [0][-]{chapter.2}{\376\377\000G\000i\000a\000o\000\040\000t\000h\036\351\000c\000\040\000C\000A\000N}{}% 9
\BOOKMARK [1][-]{section.2.1}{\376\377\000K\000h\000\341\000i\000\040\000n\000i\036\307\000m}{chapter.2}% 10
\BOOKMARK [2][-]{subsection.2.1.1}{\376\377\000S\001\241\000\040\001\021\036\323\000\040\000c\036\245\000u\000\040\000t\000r\000\372\000c\000\040\000m\036\241\000n\000g\000\040\000C\000A\000N}{section.2.1}% 11
\BOOKMARK [2][-]{subsection.2.1.2}{\376\377\001\020\036\267\000c\000\040\001\021\000i\036\303\000m\000\040\000n\036\325\000i\000\040\000b\036\255\000t\000\040\000c\036\347\000a\000\040\000g\000i\000a\000o\000\040\000t\000h\036\351\000c\000\040\000C\000A\000N}{section.2.1}% 12
\BOOKMARK [1][-]{section.2.2}{\376\377\000N\000g\000u\000y\000\352\000n\000\040\000t\036\257\000c\000\040\000h\000o\036\241\000t\000\040\001\021\036\331\000n\000g}{chapter.2}% 13
\BOOKMARK [2][-]{subsection.2.2.1}{\376\377\000C\036\245\000u\000\040\000t\000r\000\372\000c\000\040\000k\000h\000u\000n\000g\000\040\000d\036\357\000\040\000l\000i\036\307\000u\000\040\000\050\000D\000a\000t\000a\000\040\000F\000r\000a\000m\000e\000\051}{section.2.2}% 14
\BOOKMARK [2][-]{subsection.2.2.2}{\376\377\000P\000h\000\342\000n\000\040\000l\000o\036\241\000i\000\040\000I\000D}{section.2.2}% 15
\BOOKMARK [2][-]{subsection.2.2.3}{\376\377\000C\000A\000N\000\040\000F\000D\000\040\000\050\000F\000l\000e\000x\000i\000b\000l\000e\000\040\000D\000a\000t\000a\000-\000r\000a\000t\000e\000\051}{section.2.2}% 16
\BOOKMARK [2][-]{subsection.2.2.4}{\376\377\000T\000r\000u\000y\036\301\000n\000\040\000v\000\340\000\040\000n\000h\036\255\000n\000\040\000d\036\357\000\040\000l\000i\036\307\000u}{section.2.2}% 17
\BOOKMARK [2][-]{subsection.2.2.5}{\376\377\000P\000h\000\341\000t\000\040\000h\000i\036\307\000n\000\040\000l\036\327\000i}{section.2.2}% 18
\BOOKMARK [2][-]{subsection.2.2.6}{\376\377\000G\000i\000a\000o\000\040\000t\000i\036\277\000p\000\040\001\021\000a\000\040\001\021\000i\036\303\000m}{section.2.2}% 19
\BOOKMARK [1][-]{section.2.3}{\376\377\036\350\000n\000g\000\040\000d\036\345\000n\000g\000\040\000t\000r\000o\000n\000g\000\040\000A\000u\000t\000o\000m\000o\000t\000i\000v\000e\000:\000\040\000H\036\307\000\040\000t\000h\036\321\000n\000g\000\040\000\364\000\040\000t\000\364}{chapter.2}% 20
\BOOKMARK [2][-]{subsection.2.3.1}{\376\377\000C\000\341\000c\000\040\000h\036\307\000\040\000t\000h\036\321\000n\000g\000\040\000t\000i\000\352\000u\000\040\000b\000i\036\303\000u\000\040\000s\036\355\000\040\000d\036\345\000n\000g\000\040\000g\000i\000a\000o\000\040\000t\000h\036\351\000c\000\040\000C\000A\000N}{section.2.3}% 21
\BOOKMARK [2][-]{subsection.2.3.2}{\376\377\000P\000h\000\342\000n\000\040\000t\036\247\000n\000g\000\040\000m\036\241\000n\000g\000\040\000C\000A\000N\000\040\000t\000r\000o\000n\000g\000\040\000\364\000\040\000t\000\364}{section.2.3}% 22
\BOOKMARK [0][-]{chapter.3}{\376\377\000B\036\243\000o\000\040\000m\036\255\000t\000\040\000t\000r\000o\000n\000g\000\040\000h\036\307\000\040\000t\000h\036\321\000n\000g\000\040\000m\036\241\000n\000g\000\040\000C\000A\000N}{}% 23
\BOOKMARK [1][-]{section.3.1}{\376\377\000C\000\341\000c\000\040\000v\036\245\000n\000\040\001\021\036\301\000\040\000v\036\301\000\040\000b\036\243\000o\000\040\000m\036\255\000t\000\040\000t\000r\000o\000n\000g\000\040\000h\036\307\000\040\000t\000h\036\321\000n\000g\000\040\000m\036\241\000n\000g\000\040\000C\000A\000N}{chapter.3}% 24
\BOOKMARK [1][-]{section.3.2}{\376\377\000C\000\341\000c\000\040\000p\000h\001\260\001\241\000n\000g\000\040\000p\000h\000\341\000p\000\040\000b\036\243\000o\000\040\000m\036\255\000t\000\040\000t\000r\000o\000n\000g\000\040\000h\036\307\000\040\000t\000h\036\321\000n\000g\000\040\000m\036\241\000n\000g\000\040\000C\000A\000N}{chapter.3}% 25
\BOOKMARK [2][-]{subsection.3.2.1}{\376\377\000M\000\343\000\040\000h\000\363\000a\000\040\000t\000h\000\364\000n\000g\000\040\000t\000i\000n\000\040\000\050\000E\000n\000c\000r\000y\000p\000t\000i\000o\000n\000\051}{section.3.2}% 26
\BOOKMARK [2][-]{subsection.3.2.2}{\376\377\000X\000\341\000c\000\040\000t\000h\036\361\000c\000\040\000t\000h\000\364\000n\000g\000\040\001\021\000i\036\307\000p\000\040\000\050\000M\000e\000s\000s\000a\000g\000e\000\040\000A\000u\000t\000h\000e\000n\000t\000i\000c\000a\000t\000i\000o\000n\000\051}{section.3.2}% 27
\BOOKMARK [2][-]{subsection.3.2.3}{\376\377\000S\036\355\000\040\000d\036\345\000n\000g\000\040\000b\036\331\000\040\001\021\036\277\000m\000\040\000t\000i\000n\000\040\000n\000h\036\257\000n\000\040\001\021\001\241\000n\000\040\000g\000i\036\243\000n\000\040\000\050\000S\000i\000m\000p\000l\000e\000\040\000M\000e\000s\000s\000a\000g\000e\000\040\000C\000o\000u\000n\000t\000e\000r\000\051}{section.3.2}% 28
\BOOKMARK [2][-]{subsection.3.2.4}{\376\377\000P\000h\000\341\000t\000\040\000h\000i\036\307\000n\000\040\000x\000\342\000m\000\040\000n\000h\036\255\000p\000\040\000\050\000I\000n\000t\000r\000u\000s\000i\000o\000n\000\040\000D\000e\000t\000e\000c\000t\000i\000o\000n\000\040\000S\000y\000s\000t\000e\000m\000\040\000-\000\040\000I\000D\000S\000\051}{section.3.2}% 29
\BOOKMARK [2][-]{subsection.3.2.5}{\376\377\000P\000h\000\342\000n\000\040\000v\000\371\000n\000g\000\040\000m\036\241\000n\000g\000\040\000\050\000S\000e\000g\000m\000e\000n\000t\000a\000t\000i\000o\000n\000\051}{section.3.2}% 30
\BOOKMARK [2][-]{subsection.3.2.6}{\376\377\000C\000h\036\357\000\040\000k\000\375\000\040\000s\036\321\000\040\000\050\000D\000i\000g\000i\000t\000a\000l\000\040\000S\000i\000g\000n\000a\000t\000u\000r\000e\000s\000\051}{section.3.2}% 31
\BOOKMARK [2][-]{subsection.3.2.7}{\376\377\000G\000i\000a\000o\000\040\000t\000h\036\351\000c\000\040\000b\036\243\000o\000\040\000m\036\255\000t\000\040\000l\036\333\000p\000\040\000c\000a\000o\000\040\000\050\000H\000i\000g\000h\000e\000r\000-\000l\000a\000y\000e\000r\000\040\000S\000e\000c\000u\000r\000i\000t\000y\000\040\000P\000r\000o\000t\000o\000c\000o\000l\000s\000\051}{section.3.2}% 32
\BOOKMARK [0][-]{chapter.4}{\376\377\000C\000A\000N\000\040\000t\000r\000o\000n\000g\000\040\000E\000S\000P\0003\0002}{}% 33
\BOOKMARK [1][-]{section*.7}{\376\377\0004\000.\0001\000\040\000T\036\325\000n\000g\000\040\000q\000u\000a\000n\000\040\000v\036\301\000\040\000g\000i\000a\000o\000\040\000t\000i\036\277\000p\000\040\000C\000A\000N\000\040\000t\000r\000\352\000n\000\040\000E\000S\000P\0003\0002}{chapter.4}% 34
\BOOKMARK [2][-]{section*.8}{\376\377\0004\000.\0001\000.\0001\000\040\000B\036\331\000\040\001\021\000i\036\301\000u\000\040\000k\000h\000i\036\303\000n\000\040\000T\000W\000A\000I}{section*.7}% 35
\BOOKMARK [1][-]{section*.9}{\376\377\0004\000.\0002\000\040\000K\000i\036\277\000n\000\040\000t\000r\000\372\000c\000\040\000m\036\331\000t\000\040\000n\000\372\000t\000\040\000C\000A\000N\000\040\000d\000\371\000n\000g\000\040\000E\000S\000P\0003\0002}{chapter.4}% 36
\BOOKMARK [2][-]{section*.10}{\376\377\0004\000.\0002\000.\0001\000\040\000V\000a\000i\000\040\000t\000r\000\362\000\040\000c\036\347\000a\000\040\000b\036\331\000\040\001\021\000i\036\301\000u\000\040\000k\000h\000i\036\303\000n\000\040\000C\000A\000N}{section*.9}% 37
\BOOKMARK [2][-]{section*.11}{\376\377\0004\000.\0002\000.\0002\000\040\000V\000a\000i\000\040\000t\000r\000\362\000\040\000c\036\347\000a\000\040\000b\036\331\000\040\000t\000h\000u\000\040\000p\000h\000\341\000t\000\040\000C\000A\000N}{section*.9}% 38
\BOOKMARK [1][-]{section*.12}{\376\377\0004\000.\0003\000\040\000K\036\277\000t\000\040\000n\036\321\000i\000\040\000p\000h\036\247\000n\000\040\000c\036\351\000n\000g\000\040\000c\036\347\000a\000\040\000m\000\364\000\040\000h\000\354\000n\000h}{chapter.4}% 39
\BOOKMARK [2][-]{section*.13}{\376\377\0004\000.\0003\000.\0001\000\040\000\301\000n\000h\000\040\000x\036\241\000\040\000c\000h\000\342\000n\000\040\000t\000\355\000n\000\040\000h\000i\036\307\000u}{section*.12}% 40
\BOOKMARK [1][-]{section*.14}{\376\377\0004\000.\0004\000\040\000C\036\245\000u\000\040\000t\000r\000\372\000c\000\040\000v\000\340\000\040\000n\000g\000u\000y\000\352\000n\000\040\000l\000\375\000\040\000h\000o\036\241\000t\000\040\001\021\036\331\000n\000g\000\040\000c\036\347\000a\000\040\000T\000W\000A\000I}{chapter.4}% 41
\BOOKMARK [2][-]{section*.15}{\376\377\0004\000.\0004\000.\0001\000\040\000C\000\341\000c\000\040\000k\000h\036\321\000i\000\040\000c\000h\036\351\000c\000\040\000n\001\003\000n\000g\000\040\000c\000h\000\355\000n\000h}{section*.14}% 42
\BOOKMARK [2][-]{section*.16}{\376\377\0004\000.\0004\000.\0002\000\040\000Q\000u\000y\000\040\000t\000r\000\354\000n\000h\000\040\000k\000h\036\337\000i\000\040\000t\036\241\000o\000\040\000v\000\340\000\040\000t\000r\000a\000o\000\040\001\021\036\325\000i\000\040\000d\036\357\000\040\000l\000i\036\307\000u}{section*.14}% 43
\BOOKMARK [1][-]{section*.17}{\376\377\0004\000.\0005\000\040\000C\000\341\000c\000\040\000t\000h\000a\000m\000\040\000s\036\321\000\040\000c\036\245\000u\000\040\000h\000\354\000n\000h\000\040\000q\000u\000a\000n\000\040\000t\000r\036\315\000n\000g}{chapter.4}% 44
\BOOKMARK [2][-]{section*.18}{\376\377\0004\000.\0005\000.\0001\000\040\000C\000h\036\277\000\040\001\021\036\331\000\040\000h\000o\036\241\000t\000\040\001\021\036\331\000n\000g}{section*.17}% 45
\BOOKMARK [2][-]{section*.19}{\376\377\0004\000.\0005\000.\0002\000\040\000T\036\321\000c\000\040\001\021\036\331\000\040\000b\000i\000t\000\040\000v\000\340\000\040\000s\036\361\000\040\001\021\036\323\000n\000g\000\040\000b\036\331\000\040\000t\000r\000\352\000n\000\040\000b\000u\000s}{section*.17}% 46
\BOOKMARK [2][-]{section*.20}{\376\377\0004\000.\0005\000.\0003\000\040\000B\036\331\000\040\000l\036\315\000c\000\040\000k\000h\000u\000n\000g\000\040\000v\000\340\000\040\000p\000h\036\241\000m\000\040\000v\000i\000\040\000t\000i\036\277\000p\000\040\000n\000h\036\255\000n}{section*.17}% 47
\BOOKMARK [1][-]{section*.21}{\376\377\0004\000.\0006\000\040\000T\000r\000u\000y\036\301\000n\000\040\000n\000h\036\255\000n\000\040\000v\000\340\000\040\000x\036\355\000\040\000l\000\375\000\040\000l\036\327\000i\000\040\000t\000r\000\352\000n\000\040\000E\000S\000P\0003\0002}{chapter.4}% 48
\BOOKMARK [2][-]{section*.22}{\376\377\0004\000.\0006\000.\0001\000\040\000Q\000u\000\341\000\040\000t\000r\000\354\000n\000h\000\040\000t\000r\000u\000y\036\301\000n\000\040\000v\000\340\000\040\000n\000h\036\255\000n\000\040\000k\000h\000u\000n\000g}{section*.21}% 49
\BOOKMARK [2][-]{section*.23}{\376\377\0004\000.\0006\000.\0002\000\040\000Q\000u\036\243\000n\000\040\000l\000\375\000\040\000l\036\327\000i\000\040\000v\000\340\000\040\000t\000r\036\241\000n\000g\000\040\000t\000h\000\341\000i\000\040\000b\000u\000s}{section*.21}% 50
\BOOKMARK [1][-]{section*.24}{\376\377\0004\000.\0009\000\040\000K\036\277\000t\000\040\000l\000u\036\255\000n}{chapter.4}% 51
\BOOKMARK [0][-]{chapter.5}{\376\377\000T\000h\000i\036\277\000t\000\040\000k\036\277\000\040\000h\036\307\000\040\000t\000h\036\321\000n\000g}{}% 52
\BOOKMARK [1][-]{section*.25}{\376\377\0005\000.\0001\000\040\000H\036\307\000\040\000t\000h\036\321\000n\000g\000\040\000p\000h\036\247\000n\000\040\000c\036\351\000n\000g}{chapter.5}% 53
\BOOKMARK [2][-]{section*.26}{\376\377\0005\000.\0001\000.\0001\000\040\000E\000S\000P\0003\0002}{section*.25}% 54
\BOOKMARK [2][-]{section*.27}{\376\377\0005\000.\0001\000.\0002\000\040\000M\000o\000d\000u\000l\000e\000\040\000C\000A\000N\000\040\000T\000J\000A\0001\0000\0005\0000}{section*.25}% 55
\BOOKMARK [2][-]{section*.28}{\376\377\0005\000.\0001\000.\0003\000\040\000S\001\241\000\040\001\021\036\323\000\040\000k\036\277\000t\000\040\000n\036\321\000i\000\040\000p\000h\036\247\000n\000\040\000c\036\351\000n\000g}{section*.25}% 56
\BOOKMARK [1][-]{section*.29}{\376\377\0005\000.\0002\000\040\000H\036\307\000\040\000t\000h\036\321\000n\000g\000\040\000p\000h\036\247\000n\000\040\000m\036\301\000m}{chapter.5}% 57
\BOOKMARK [2][-]{section*.30}{\376\377\0005\000.\0002\000.\0001\000\040\000F\000i\000r\000m\000w\000a\000r\000e\000\040\000E\000S\000P\0003\0002}{section*.29}% 58
\BOOKMARK [2][-]{section*.31}{\376\377\0005\000.\0002\000.\0002\000\040\000G\000i\000a\000o\000\040\000d\000i\036\307\000n\000\040\000C\000A\000N\000\040\000v\000\340\000\040\000c\001\241\000\040\000c\000h\036\277\000\040\000b\036\243\000o\000\040\000v\036\307\000\040\000b\036\331\000\040\001\021\036\277\000m}{section*.29}% 59
\BOOKMARK [2][-]{section*.32}{\376\377\0005\000.\0002\000.\0003\000\040\000H\036\307\000\040\000t\000h\036\321\000n\000g\000\040\000p\000h\000\341\000t\000\040\000h\000i\036\307\000n\000\040\000x\000\342\000m\000\040\000n\000h\036\255\000p\000\040\000\050\000I\000D\000S\000\051}{section*.29}% 60
\BOOKMARK [2][-]{section*.33}{\376\377\0005\000.\0002\000.\0004\000\040\000B\036\331\000\040\000m\000\364\000\040\000p\000h\036\317\000n\000g\000\040\000t\036\245\000n\000\040\000c\000\364\000n\000g}{section*.29}% 61
\BOOKMARK [2][-]{section*.34}{\376\377\0005\000.\0002\000.\0005\000\040\036\350\000n\000g\000\040\000d\036\345\000n\000g\000\040\000w\000e\000b\000\040\000g\000i\000\341\000m\000\040\000s\000\341\000t\000\040\000v\000\340\000\040\001\021\000i\036\301\000u\000\040\000k\000h\000i\036\303\000n}{section*.29}% 62
\BOOKMARK [2][-]{section*.35}{\376\377\0005\000.\0002\000.\0006\000\040\000Q\000u\036\243\000n\000\040\000l\000\375\000\040\000t\000r\036\241\000n\000g\000\040\000t\000h\000\341\000i\000\040\000v\000\340\000\040\000l\001\260\000u\000\040\000t\000r\036\357\000\040\000d\036\357\000\040\000l\000i\036\307\000u}{section*.29}% 63
\BOOKMARK [1][-]{section*.36}{\376\377\0005\000.\0003\000\040\000N\000g\000u\000y\000\352\000n\000\040\000l\000\375\000\040\000h\000o\036\241\000t\000\040\001\021\036\331\000n\000g\000\040\000c\036\347\000a\000\040\000h\036\307\000\040\000t\000h\036\321\000n\000g}{chapter.5}% 64
\BOOKMARK [2][-]{section*.37}{\376\377\0005\000.\0003\000.\0001\000\040\000G\000i\000a\000o\000\040\000t\000i\036\277\000p\000\040\000C\000A\000N\000\040\000c\001\241\000\040\000b\036\243\000n}{section*.36}% 65
\BOOKMARK [2][-]{section*.38}{\376\377\0005\000.\0003\000.\0002\000\040\000C\001\241\000\040\000c\000h\036\277\000\040\000b\036\243\000o\000\040\000v\036\307\000\040\000b\036\331\000\040\001\021\036\277\000m\000\040\000t\000h\000\364\000n\000g\000\040\001\021\000i\036\307\000p}{section*.36}% 66
\BOOKMARK [2][-]{section*.39}{\376\377\0005\000.\0003\000.\0003\000\040\000R\000e\000p\000l\000a\000y\000\040\000A\000t\000t\000a\000c\000k}{section*.36}% 67
\BOOKMARK [2][-]{section*.40}{\376\377\0005\000.\0003\000.\0004\000\040\000S\000p\000o\000o\000f\000i\000n\000g\000\040\000A\000t\000t\000a\000c\000k}{section*.36}% 68
\BOOKMARK [2][-]{section*.41}{\376\377\0005\000.\0003\000.\0005\000\040\000D\000o\000S\000\040\000A\000t\000t\000a\000c\000k}{section*.36}% 69
\BOOKMARK [2][-]{section*.42}{\376\377\0005\000.\0003\000.\0006\000\040\000F\000u\000z\000z\000i\000n\000g\000\040\000A\000t\000t\000a\000c\000k}{section*.36}% 70
\BOOKMARK [2][-]{section*.43}{\376\377\0005\000.\0003\000.\0007\000\040\000C\001\241\000\040\000c\000h\036\277\000\040\000p\000h\000\362\000n\000g\000\040\000t\000h\036\347\000\040\000c\000h\036\347\000\040\001\021\036\331\000n\000g}{section*.36}% 71
\BOOKMARK [0][-]{chapter.6}{\376\377\000T\000h\036\361\000c\000\040\000t\000h\000i\000,\000\040\001\021\000o\000\040\000l\001\260\036\335\000n\000g\000\040\000v\000\340\000\040\001\021\000\341\000n\000h\000\040\000g\000i\000\341}{}% 72
\BOOKMARK [1][-]{section*.44}{\376\377\000I\000.\000\040\000G\000i\000a\000o\000\040\000t\000i\036\277\000p\000\040\0002\000\040\000c\000h\000i\036\301\000u}{chapter.6}% 73
\BOOKMARK [1][-]{section*.45}{\376\377\000I\000I\000.\000\040\000C\000\341\000c\000\040\000k\036\313\000c\000h\000\040\000b\036\243\000n\000\040\000t\036\245\000n\000\040\000c\000\364\000n\000g\000\040\000v\000\340\000\040\000p\000h\036\243\000n\000\040\036\351\000n\000g\000\040\000p\000h\000\362\000n\000g\000\040\000t\000h\036\347}{chapter.6}% 74
\BOOKMARK [2][-]{section*.46}{\376\377\0001\000.\000\040\000T\036\245\000n\000\040\000c\000\364\000n\000g\000\040\000D\000o\000S}{section*.45}% 75
\BOOKMARK [2][-]{section*.47}{\376\377\0002\000.\000\040\000T\036\245\000n\000\040\000c\000\364\000n\000g\000\040\000R\000e\000p\000l\000a\000y}{section*.45}% 76
\BOOKMARK [2][-]{section*.48}{\376\377\0003\000.\000\040\000T\036\245\000n\000\040\000c\000\364\000n\000g\000\040\000F\000u\000z\000z\000i\000n\000g}{section*.45}% 77
\BOOKMARK [2][-]{section*.49}{\376\377\0004\000.\000\040\000T\036\245\000n\000\040\000c\000\364\000n\000g\000\040\000S\000p\000o\000o\000f\000i\000n\000g}{section*.45}% 78
\BOOKMARK [1][-]{section*.50}{\376\377\000I\000I\000I\000.\000\040\000V\000i\000d\000e\000o\000\040\000m\000i\000n\000h\000\040\000h\036\315\000a\000\040\000c\000\341\000c\000\040\000k\036\313\000c\000h\000\040\000b\036\243\000n}{chapter.6}% 79
\BOOKMARK [0][-]{chapter.7}{\376\377\000T\036\325\000n\000g\000\040\000k\036\277\000t\000\040\000v\000\340\000\040\000h\001\260\036\333\000n\000g\000\040\000p\000h\000\341\000t\000\040\000t\000r\000i\036\303\000n}{}% 80
\BOOKMARK [1][-]{section.7.1}{\376\377\000T\036\325\000n\000g\000\040\000k\036\277\000t}{chapter.7}% 81
\BOOKMARK [1][-]{section.7.2}{\376\377\000H\001\260\036\333\000n\000g\000\040\000p\000h\000\341\000t\000\040\000t\000r\000i\036\303\000n\000\040\000t\000r\000o\000n\000g\000\040\000t\001\260\001\241\000n\000g\000\040\000l\000a\000i}{chapter.7}% 82
\BOOKMARK [0][-]{chapter*.51}{\376\377\000T\000\340\000i\000\040\000l\000i\036\307\000u\000\040\000t\000h\000a\000m\000\040\000k\000h\036\243\000o}{}% 83
